2025-07-01 01:12:24.868: [INFO] VisibilityChanged: 0
2025-07-01 01:12:24.930: [INFO] RecordSyncInitDuration has_sync_been_enabled: 0 state: 0
2025-07-01 01:12:24.931: [INFO] RecordSyncInitDuration has_sync_been_enabled: 0 state: 0
2025-07-01 01:12:24.933: [INFO] RecordSyncInitDuration has_sync_been_enabled: 0 state: 0
2025-07-01 01:12:24.934: [INFO] RecordSyncInitDuration has_sync_been_enabled: 0 state: 0
2025-07-01 01:12:24.935: [INFO] RecordSyncInitDuration has_sync_been_enabled: 0 state: 0
2025-07-01 01:12:24.935: [INFO] RecordSyncInitDuration has_sync_been_enabled: 0 state: 0
2025-07-01 01:12:24.936: [INFO] RecordSyncInitDuration has_sync_been_enabled: 0 state: 0
2025-07-01 01:12:24.937: [INFO] RecordSyncInitDuration has_sync_been_enabled: 0 state: 0
2025-07-01 01:12:24.938: [INFO] RecordSyncInitDuration has_sync_been_enabled: 0 state: 0
2025-07-01 01:12:24.939: [INFO] RecordSyncInitDuration has_sync_been_enabled: 0 state: 0
2025-07-01 01:12:24.940: [INFO] RecordSyncInitDuration has_sync_been_enabled: 0 state: 0
2025-07-01 01:12:24.966: [INFO] BookmarkNodeAdded, ABU: 0
2025-07-01 01:12:24.966: [INFO] BookmarkNodeAdded, ABU: 0
2025-07-01 01:12:24.966: [INFO] BookmarkNodeAdded, ABU: 0
2025-07-01 01:12:24.966: [INFO] BookmarkModelLoaded, ids_reassigned: 0
2025-07-01 01:12:24.966: [INFO] OnDoneLoading sync enabled: 0
2025-07-01 01:12:24.972: [INFO] RecordSyncInitDuration has_sync_been_enabled: 0 state: 0
2025-07-01 01:12:25.483: [INFO] RecordSyncInitDuration has_sync_been_enabled: 0 state: 3
2025-07-01 01:12:25.495: [INFO] Primary account changed.
2025-07-01 01:12:25.495: [INFO] OnPrimaryAccountChanged PrimaryAccountChangeEvent::Type::kSet
2025-07-01 01:12:25.500: [INFO] RecordSyncInitDuration has_sync_been_enabled: 0 state: 3
2025-07-01 01:12:25.930: [INFO] RecordSyncInitDuration has_sync_been_enabled: 0 state: 3
2025-07-01 01:12:28.977: [INFO] BookmarkNodeAdded, ABU: 0
2025-07-01 01:12:28.981: [INFO] BookmarkNodeAdded, ABU: 0
2025-07-01 01:12:32.881: [INFO] Sync initialization duration: 6753ms
2025-07-01 01:27:36.244: [INFO] VisibilityChanged: 0
2025-07-01 01:27:36.727: [INFO] BookmarkNodeAdded, ABU: 0
2025-07-01 01:27:36.728: [INFO] BookmarkNodeAdded, ABU: 0
2025-07-01 01:27:36.729: [INFO] BookmarkNodeAdded, ABU: 0
2025-07-01 01:27:36.729: [INFO] BookmarkModelLoaded, ids_reassigned: 0
2025-07-01 01:27:36.729: [INFO] OnDoneLoading sync enabled: 1
2025-07-01 01:27:52.523: [INFO] Sync initialization duration: 11230ms
2025-07-01 01:58:11.669: [INFO] VisibilityChanged: 0
2025-07-01 01:58:11.750: [INFO] BookmarkNodeAdded, ABU: 0
2025-07-01 01:58:11.750: [INFO] BookmarkNodeAdded, ABU: 0
2025-07-01 01:58:11.750: [INFO] BookmarkNodeAdded, ABU: 0
2025-07-01 01:58:11.750: [INFO] BookmarkModelLoaded, ids_reassigned: 0
2025-07-01 01:58:11.750: [INFO] OnDoneLoading sync enabled: 1
2025-07-01 01:58:15.397: [INFO] Sync initialization duration: 3268ms
