{"logTime": "0701/012745", "correlationVector":"seNGv9Na5P3N51RuwxemOY.1","action":"SyncServerConnectionManagerRequest", "result":"SYNC_SERVER_OK", "context":{"environment":"Prod_southeastasia_prod-s01-064-apac-southeastasia", "migrationStage":"NotStarted", "server":"akswtt00900001c"}}
{"logTime": "0701/012745", "correlationVector":"seNGv9Na5P3N51RuwxemOY.2","action":"ProcessGetUpdates", "result":"Done", "context":{"dataType":"Encryption Keys", "deleted":"0", "process_failed_to_decrypt":"0", "process_pending_decryption":"0", "process_success":"1", "total":"1"}}
{"logTime": "0701/012745", "correlationVector":"SxyqLcnKFcDY7nIMFKAKGH","action":"SyncServerConnectionManagerRequest", "result":"SYNC_SERVER_OK", "context":{"environment":"", "migrationStage":"", "server":""}}
{"logTime": "0701/012745", "correlationVector":"SxyqLcnKFcDY7nIMFKAKGH.0","action":"EncryptionKeysFetcher.DownloadKeys:", "result":"Success", "context":Key count: 7, Last key timestamp: 2025-02-12T04:01:09Z}
{"logTime": "0701/012745", "correlationVector":"SxyqLcnKFcDY7nIMFKAKGH.1","action":"EncryptionKeysManager::SetEncryptionKeys:", "result":"Success", "context":Key names[7]:[28cUrx1JWTQJaOB4ZJiIwotWbw0OrWawY9jvEcuJkL35PipTTPoNKV+2Buk9nKXpwo07WPv5q4f9YeAkDnS0iQ==][VSOrTj0sukrA3T9rItjCABgqt6Wdr8XgzTMWxdwSKAH7oJRBAauMUPxTh27lRzxn2M+yHXuqcWzCye2XbHr8Qg==][Ud+Jd1bO3vgO7g4jYx/+6yeY0/KnH42DUxw1g6IOlrRt8LOFUp/EtcPhh9wZAC+lFon8JIurXOLo4Jq+9cXaIg==][a/vb5R/tGmtKB8i7oJsCBj5xuJJwk/F9LhPb8ukORHMAx3JgjEeQ6IhwwRVNxGnu2NFbi3xH2VnK/9OdewYG3w==][vM8jHOsVhhj7qEoxSvmiBExwZedgQWlAhCRCPIBo311yayI/e+DSnoLc7KciKnf2zT+EeMU/1dm9Ih0NqDS73A==][WoRBXOI5JU6zjNUDXPB1CI9qwByHnWli7Z4noZLyJElp9wco4QTsYZccK8w5MIgJiRGiBhuiPpDeuWh1okurjA==][BQcsjiC98/7vcIgEzZ5qUEWYp4JcTv/Tz4TFB/55lpTT21DnmtQZ4ZCGo7htVWJKoGVihGoaKYsRS/548WhsyQ==]}
{"logTime": "0701/012745", "correlationVector":"SxyqLcnKFcDY7nIMFKAKGH.2","action":"EncryptionKeysManager::SetEncryptionKeysWithTimestamps:", "result":"Success", "context":Key timestamps[7]:[2021-12-05T09:35:00Z][2022-03-04T10:56:40Z][2022-10-24T08:41:32Z][2023-04-29T11:27:39Z][2024-01-23T15:16:38Z][2024-07-22T15:24:03Z][2025-02-12T04:01:09Z]}
{"logTime": "0701/012745", "correlationVector":"seNGv9Na5P3N51RuwxemOY","action":"Initial GetUpdates", "result":"", "context":Reason: NEW_CLIENT. cV=seNGv9Na5P3N51RuwxemOY}
{"logTime": "0701/012745", "correlationVector":"seNGv9Na5P3N51RuwxemOY.3","action":"GetUpdates Response", "result":"Success", "context":Received 1 update(s). cV=seNGv9Na5P3N51RuwxemOY.0;server=akswtt00900001c;cloudType=Consumer;environment=Prod_southeastasia_prod-s01-064-apac-southeastasia;migrationStage=NotStarted}
{"logTime": "0701/012745", "correlationVector":"AFKqPdxXT9cW1U3XBTD7S/","action":"Initial GetUpdates", "result":"", "context":Reason: NEWLY_SUPPORTED_DATATYPE. cV=AFKqPdxXT9cW1U3XBTD7S/}
{"logTime": "0701/012746", "correlationVector":"AFKqPdxXT9cW1U3XBTD7S/.1","action":"SyncServerConnectionManagerRequest", "result":"SYNC_SERVER_OK", "context":{"environment":"Prod_southeastasia_prod-s01-065-apac-southeastasia", "migrationStage":"NotStarted", "server":"akswtt00900001c"}}
{"logTime": "0701/012746", "correlationVector":"AFKqPdxXT9cW1U3XBTD7S/.2","action":"ProcessGetUpdates", "result":"Done", "context":{"dataType":"Preferences", "deleted":"1", "process_failed_to_decrypt":"0", "process_pending_decryption":"0", "process_success":"83", "total":"83"}}
{"logTime": "0701/012746", "correlationVector":"AFKqPdxXT9cW1U3XBTD7S/.3","action":"ProcessGetUpdates", "result":"Done", "context":{"dataType":"Passwords", "deleted":"2", "process_failed_to_decrypt":"0", "process_pending_decryption":"0", "process_success":"29", "total":"29"}}
{"logTime": "0701/012746", "correlationVector":"AFKqPdxXT9cW1U3XBTD7S/.4","action":"ProcessGetUpdates", "result":"Done", "context":{"dataType":"Device Info", "deleted":"0", "process_failed_to_decrypt":"0", "process_pending_decryption":"0", "process_success":"7", "total":"7"}}
{"logTime": "0701/012746", "correlationVector":"AFKqPdxXT9cW1U3XBTD7S/.5","action":"GetUpdates Response", "result":"Success", "context":Received 119 update(s). cV=AFKqPdxXT9cW1U3XBTD7S/.0;server=akswtt00900001c;cloudType=Consumer;environment=Prod_southeastasia_prod-s01-065-apac-southeastasia;migrationStage=NotStarted}
{"logTime": "0701/012746", "correlationVector":"+K/Z5nSpc17A2How3Dp4zO","action":"Initial GetUpdates", "result":"", "context":Reason: NEWLY_SUPPORTED_DATATYPE. cV=+K/Z5nSpc17A2How3Dp4zO}
{"logTime": "0701/012747", "correlationVector":"+K/Z5nSpc17A2How3Dp4zO.1","action":"SyncServerConnectionManagerRequest", "result":"SYNC_SERVER_OK", "context":{"environment":"Prod_southeastasia_prod-s01-064-apac-southeastasia", "migrationStage":"NotStarted", "server":"akswtt00900001a"}}
{"logTime": "0701/012747", "correlationVector":"+K/Z5nSpc17A2How3Dp4zO.2","action":"ProcessGetUpdates", "result":"Done", "context":{"dataType":"Autofill Profiles", "deleted":"0", "process_failed_to_decrypt":"0", "process_pending_decryption":"0", "process_success":"4", "total":"4"}}
{"logTime": "0701/012747", "correlationVector":"+K/Z5nSpc17A2How3Dp4zO.3","action":"ProcessGetUpdates", "result":"Done", "context":{"dataType":"Autofill", "deleted":"0", "process_failed_to_decrypt":"0", "process_pending_decryption":"0", "process_success":"27", "total":"27"}}
{"logTime": "0701/012747", "correlationVector":"+K/Z5nSpc17A2How3Dp4zO.4","action":"ProcessGetUpdates", "result":"Done", "context":{"dataType":"Sessions", "deleted":"213", "process_failed_to_decrypt":"0", "process_pending_decryption":"0", "process_success":"213", "total":"213"}}
{"logTime": "0701/012747", "correlationVector":"+K/Z5nSpc17A2How3Dp4zO.5","action":"ProcessGetUpdates", "result":"Done", "context":{"dataType":"Edge Hub App Usage", "deleted":"3", "process_failed_to_decrypt":"0", "process_pending_decryption":"0", "process_success":"6", "total":"6"}}
{"logTime": "0701/012747", "correlationVector":"+K/Z5nSpc17A2How3Dp4zO.6","action":"GetUpdates Response", "result":"Success", "context":Received 250 update(s). cV=+K/Z5nSpc17A2How3Dp4zO.0;server=akswtt00900001a;cloudType=Consumer;environment=Prod_southeastasia_prod-s01-064-apac-southeastasia;migrationStage=NotStarted Some updates remain.}
{"logTime": "0701/012747", "correlationVector":"nwiHkQnXEQFOoTqEWX3IOP","action":"Initial GetUpdates", "result":"", "context":Reason: NEWLY_SUPPORTED_DATATYPE. cV=nwiHkQnXEQFOoTqEWX3IOP}
{"logTime": "0701/012747", "correlationVector":"nwiHkQnXEQFOoTqEWX3IOP.1","action":"SyncServerConnectionManagerRequest", "result":"SYNC_SERVER_OK", "context":{"environment":"Prod_southeastasia_prod-s01-064-apac-southeastasia", "migrationStage":"NotStarted", "server":"akswtt00900002n"}}
{"logTime": "0701/012747", "correlationVector":"nwiHkQnXEQFOoTqEWX3IOP.2","action":"ProcessGetUpdates", "result":"Done", "context":{"dataType":"Autofill Profiles", "deleted":"0", "process_failed_to_decrypt":"0", "process_pending_decryption":"0", "process_success":"5", "total":"5"}}
{"logTime": "0701/012747", "correlationVector":"nwiHkQnXEQFOoTqEWX3IOP.3","action":"ProcessGetUpdates", "result":"Done", "context":{"dataType":"Autofill", "deleted":"0", "process_failed_to_decrypt":"0", "process_pending_decryption":"0", "process_success":"13", "total":"13"}}
{"logTime": "0701/012747", "correlationVector":"nwiHkQnXEQFOoTqEWX3IOP.4","action":"ProcessGetUpdates", "result":"Done", "context":{"dataType":"Sessions", "deleted":"231", "process_failed_to_decrypt":"0", "process_pending_decryption":"0", "process_success":"231", "total":"231"}}
{"logTime": "0701/012747", "correlationVector":"nwiHkQnXEQFOoTqEWX3IOP.5","action":"ProcessGetUpdates", "result":"Done", "context":{"dataType":"Edge Hub App Usage", "deleted":"0", "process_failed_to_decrypt":"0", "process_pending_decryption":"0", "process_success":"1", "total":"1"}}
{"logTime": "0701/012747", "correlationVector":"nwiHkQnXEQFOoTqEWX3IOP.6","action":"GetUpdates Response", "result":"Success", "context":Received 250 update(s). cV=nwiHkQnXEQFOoTqEWX3IOP.0;server=akswtt00900002n;cloudType=Consumer;environment=Prod_southeastasia_prod-s01-064-apac-southeastasia;migrationStage=NotStarted Some updates remain.}
{"logTime": "0701/012747", "correlationVector":"Fo8qXUP5/d7+bR88Iu0DdU","action":"Initial GetUpdates", "result":"", "context":Reason: NEWLY_SUPPORTED_DATATYPE. cV=Fo8qXUP5/d7+bR88Iu0DdU}
{"logTime": "0701/012748", "correlationVector":"Fo8qXUP5/d7+bR88Iu0DdU.1","action":"SyncServerConnectionManagerRequest", "result":"SYNC_SERVER_OK", "context":{"environment":"Prod_southeastasia_prod-s01-065-apac-southeastasia", "migrationStage":"NotStarted", "server":"akswtt00900001c"}}
{"logTime": "0701/012748", "correlationVector":"Fo8qXUP5/d7+bR88Iu0DdU.2","action":"ProcessGetUpdates", "result":"Done", "context":{"dataType":"Autofill Profiles", "deleted":"0", "process_failed_to_decrypt":"0", "process_pending_decryption":"0", "process_success":"4", "total":"4"}}
{"logTime": "0701/012748", "correlationVector":"Fo8qXUP5/d7+bR88Iu0DdU.3","action":"ProcessGetUpdates", "result":"Done", "context":{"dataType":"Autofill", "deleted":"0", "process_failed_to_decrypt":"0", "process_pending_decryption":"0", "process_success":"2", "total":"2"}}
{"logTime": "0701/012748", "correlationVector":"Fo8qXUP5/d7+bR88Iu0DdU.4","action":"ProcessGetUpdates", "result":"Done", "context":{"dataType":"Sessions", "deleted":"239", "process_failed_to_decrypt":"0", "process_pending_decryption":"0", "process_success":"239", "total":"239"}}
{"logTime": "0701/012748", "correlationVector":"Fo8qXUP5/d7+bR88Iu0DdU.5","action":"ProcessGetUpdates", "result":"Done", "context":{"dataType":"Edge Hub App Usage", "deleted":"1", "process_failed_to_decrypt":"0", "process_pending_decryption":"0", "process_success":"5", "total":"5"}}
{"logTime": "0701/012748", "correlationVector":"Fo8qXUP5/d7+bR88Iu0DdU.6","action":"GetUpdates Response", "result":"Success", "context":Received 250 update(s). cV=Fo8qXUP5/d7+bR88Iu0DdU.0;server=akswtt00900001c;cloudType=Consumer;environment=Prod_southeastasia_prod-s01-065-apac-southeastasia;migrationStage=NotStarted Some updates remain.}
{"logTime": "0701/012748", "correlationVector":"tOxudpaZBG+/FcyXTI9zwg","action":"Initial GetUpdates", "result":"", "context":Reason: NEWLY_SUPPORTED_DATATYPE. cV=tOxudpaZBG+/FcyXTI9zwg}
{"logTime": "0701/012749", "correlationVector":"tOxudpaZBG+/FcyXTI9zwg.1","action":"SyncServerConnectionManagerRequest", "result":"SYNC_SERVER_OK", "context":{"environment":"Prod_southeastasia_prod-s01-064-apac-southeastasia", "migrationStage":"NotStarted", "server":"akswtt00900002g"}}
{"logTime": "0701/012749", "correlationVector":"tOxudpaZBG+/FcyXTI9zwg.2","action":"ProcessGetUpdates", "result":"Done", "context":{"dataType":"Autofill Profiles", "deleted":"0", "process_failed_to_decrypt":"0", "process_pending_decryption":"0", "process_success":"5", "total":"5"}}
{"logTime": "0701/012749", "correlationVector":"tOxudpaZBG+/FcyXTI9zwg.3","action":"ProcessGetUpdates", "result":"Done", "context":{"dataType":"Autofill", "deleted":"0", "process_failed_to_decrypt":"0", "process_pending_decryption":"0", "process_success":"1", "total":"1"}}
{"logTime": "0701/012749", "correlationVector":"tOxudpaZBG+/FcyXTI9zwg.4","action":"ProcessGetUpdates", "result":"Done", "context":{"dataType":"Sessions", "deleted":"241", "process_failed_to_decrypt":"0", "process_pending_decryption":"0", "process_success":"241", "total":"241"}}
{"logTime": "0701/012749", "correlationVector":"tOxudpaZBG+/FcyXTI9zwg.5","action":"ProcessGetUpdates", "result":"Done", "context":{"dataType":"Saved Tab Group", "deleted":"1", "process_failed_to_decrypt":"0", "process_pending_decryption":"0", "process_success":"3", "total":"3"}}
{"logTime": "0701/012749", "correlationVector":"tOxudpaZBG+/FcyXTI9zwg.6","action":"GetUpdates Response", "result":"Success", "context":Received 250 update(s). cV=tOxudpaZBG+/FcyXTI9zwg.0;server=akswtt00900002g;cloudType=Consumer;environment=Prod_southeastasia_prod-s01-064-apac-southeastasia;migrationStage=NotStarted Some updates remain.}
{"logTime": "0701/012749", "correlationVector":"6iWm4DQEaC3sX6PVgnF0IN","action":"Initial GetUpdates", "result":"", "context":Reason: NEWLY_SUPPORTED_DATATYPE. cV=6iWm4DQEaC3sX6PVgnF0IN}
{"logTime": "0701/012749", "correlationVector":"6iWm4DQEaC3sX6PVgnF0IN.1","action":"SyncServerConnectionManagerRequest", "result":"SYNC_SERVER_OK", "context":{"environment":"Prod_southeastasia_prod-s01-064-apac-southeastasia", "migrationStage":"NotStarted", "server":"akswtt00900000v"}}
{"logTime": "0701/012749", "correlationVector":"6iWm4DQEaC3sX6PVgnF0IN.2","action":"ProcessGetUpdates", "result":"Done", "context":{"dataType":"Autofill Profiles", "deleted":"0", "process_failed_to_decrypt":"0", "process_pending_decryption":"0", "process_success":"6", "total":"6"}}
{"logTime": "0701/012749", "correlationVector":"6iWm4DQEaC3sX6PVgnF0IN.3","action":"ProcessGetUpdates", "result":"Done", "context":{"dataType":"Autofill", "deleted":"0", "process_failed_to_decrypt":"0", "process_pending_decryption":"0", "process_success":"9", "total":"9"}}
{"logTime": "0701/012749", "correlationVector":"6iWm4DQEaC3sX6PVgnF0IN.4","action":"ProcessGetUpdates", "result":"Done", "context":{"dataType":"Sessions", "deleted":"228", "process_failed_to_decrypt":"0", "process_pending_decryption":"0", "process_success":"228", "total":"228"}}
{"logTime": "0701/012749", "correlationVector":"6iWm4DQEaC3sX6PVgnF0IN.5","action":"ProcessGetUpdates", "result":"Done", "context":{"dataType":"Edge Hub App Usage", "deleted":"0", "process_failed_to_decrypt":"0", "process_pending_decryption":"0", "process_success":"7", "total":"7"}}
{"logTime": "0701/012749", "correlationVector":"6iWm4DQEaC3sX6PVgnF0IN.6","action":"GetUpdates Response", "result":"Success", "context":Received 250 update(s). cV=6iWm4DQEaC3sX6PVgnF0IN.0;server=akswtt00900000v;cloudType=Consumer;environment=Prod_southeastasia_prod-s01-064-apac-southeastasia;migrationStage=NotStarted Some updates remain.}
{"logTime": "0701/012749", "correlationVector":"U1+vIXgimzLUrDwrUVHax4","action":"Initial GetUpdates", "result":"", "context":Reason: NEWLY_SUPPORTED_DATATYPE. cV=U1+vIXgimzLUrDwrUVHax4}
{"logTime": "0701/012750", "correlationVector":"U1+vIXgimzLUrDwrUVHax4.1","action":"SyncServerConnectionManagerRequest", "result":"SYNC_SERVER_OK", "context":{"environment":"Prod_southindia_prod-s01-004-apac-southindia", "migrationStage":"NotStarted", "server":"akswtt01400000h"}}
{"logTime": "0701/012750", "correlationVector":"U1+vIXgimzLUrDwrUVHax4.2","action":"ProcessGetUpdates", "result":"Done", "context":{"dataType":"Autofill Profiles", "deleted":"0", "process_failed_to_decrypt":"0", "process_pending_decryption":"0", "process_success":"4", "total":"4"}}
{"logTime": "0701/012750", "correlationVector":"U1+vIXgimzLUrDwrUVHax4.3","action":"ProcessGetUpdates", "result":"Done", "context":{"dataType":"Autofill", "deleted":"0", "process_failed_to_decrypt":"0", "process_pending_decryption":"0", "process_success":"8", "total":"8"}}
{"logTime": "0701/012750", "correlationVector":"U1+vIXgimzLUrDwrUVHax4.4","action":"ProcessGetUpdates", "result":"Done", "context":{"dataType":"Extensions", "deleted":"0", "process_failed_to_decrypt":"0", "process_pending_decryption":"0", "process_success":"1", "total":"1"}}
{"logTime": "0701/012750", "correlationVector":"U1+vIXgimzLUrDwrUVHax4.5","action":"ProcessGetUpdates", "result":"Done", "context":{"dataType":"Sessions", "deleted":"226", "process_failed_to_decrypt":"0", "process_pending_decryption":"0", "process_success":"226", "total":"226"}}
{"logTime": "0701/012750", "correlationVector":"U1+vIXgimzLUrDwrUVHax4.6","action":"ProcessGetUpdates", "result":"Done", "context":{"dataType":"Edge Hub App Usage", "deleted":"0", "process_failed_to_decrypt":"0", "process_pending_decryption":"0", "process_success":"11", "total":"11"}}
{"logTime": "0701/012750", "correlationVector":"U1+vIXgimzLUrDwrUVHax4.7","action":"GetUpdates Response", "result":"Success", "context":Received 250 update(s). cV=U1+vIXgimzLUrDwrUVHax4.0;server=akswtt01400000h;cloudType=Consumer;environment=Prod_southindia_prod-s01-004-apac-southindia;migrationStage=NotStarted Some updates remain.}
{"logTime": "0701/012750", "correlationVector":"9WLWKR7gECjb29FIj+zHYw","action":"Initial GetUpdates", "result":"", "context":Reason: NEWLY_SUPPORTED_DATATYPE. cV=9WLWKR7gECjb29FIj+zHYw}
{"logTime": "0701/012751", "correlationVector":"9WLWKR7gECjb29FIj+zHYw.1","action":"SyncServerConnectionManagerRequest", "result":"SYNC_SERVER_OK", "context":{"environment":"Prod_southeastasia_prod-s01-065-apac-southeastasia", "migrationStage":"NotStarted", "server":"akswtt00900001c"}}
{"logTime": "0701/012751", "correlationVector":"9WLWKR7gECjb29FIj+zHYw.2","action":"ProcessGetUpdates", "result":"Done", "context":{"dataType":"Autofill Profiles", "deleted":"0", "process_failed_to_decrypt":"0", "process_pending_decryption":"0", "process_success":"8", "total":"8"}}
{"logTime": "0701/012751", "correlationVector":"9WLWKR7gECjb29FIj+zHYw.3","action":"ProcessGetUpdates", "result":"Done", "context":{"dataType":"Autofill", "deleted":"0", "process_failed_to_decrypt":"0", "process_pending_decryption":"0", "process_success":"7", "total":"7"}}
{"logTime": "0701/012751", "correlationVector":"9WLWKR7gECjb29FIj+zHYw.4","action":"ProcessGetUpdates", "result":"Done", "context":{"dataType":"Sessions", "deleted":"235", "process_failed_to_decrypt":"0", "process_pending_decryption":"0", "process_success":"235", "total":"235"}}
{"logTime": "0701/012751", "correlationVector":"9WLWKR7gECjb29FIj+zHYw.5","action":"GetUpdates Response", "result":"Success", "context":Received 250 update(s). cV=9WLWKR7gECjb29FIj+zHYw.0;server=akswtt00900001c;cloudType=Consumer;environment=Prod_southeastasia_prod-s01-065-apac-southeastasia;migrationStage=NotStarted Some updates remain.}
{"logTime": "0701/012751", "correlationVector":"0GEFQfElkmdbgaiCkdWn/Z","action":"Initial GetUpdates", "result":"", "context":Reason: NEWLY_SUPPORTED_DATATYPE. cV=0GEFQfElkmdbgaiCkdWn/Z}
{"logTime": "0701/012752", "correlationVector":"0GEFQfElkmdbgaiCkdWn/Z.1","action":"SyncServerConnectionManagerRequest", "result":"SYNC_SERVER_OK", "context":{"environment":"Prod_southeastasia_prod-s01-064-apac-southeastasia", "migrationStage":"NotStarted", "server":"akswtt00900000z"}}
{"logTime": "0701/012752", "correlationVector":"0GEFQfElkmdbgaiCkdWn/Z.2","action":"ProcessGetUpdates", "result":"Done", "context":{"dataType":"Autofill Profiles", "deleted":"0", "process_failed_to_decrypt":"0", "process_pending_decryption":"0", "process_success":"1", "total":"1"}}
{"logTime": "0701/012752", "correlationVector":"0GEFQfElkmdbgaiCkdWn/Z.3","action":"ProcessGetUpdates", "result":"Done", "context":{"dataType":"Autofill", "deleted":"0", "process_failed_to_decrypt":"0", "process_pending_decryption":"0", "process_success":"13", "total":"13"}}
{"logTime": "0701/012752", "correlationVector":"0GEFQfElkmdbgaiCkdWn/Z.4","action":"ProcessGetUpdates", "result":"Done", "context":{"dataType":"Sessions", "deleted":"111", "process_failed_to_decrypt":"0", "process_pending_decryption":"0", "process_success":"122", "total":"122"}}
{"logTime": "0701/012752", "correlationVector":"0GEFQfElkmdbgaiCkdWn/Z.5","action":"ProcessGetUpdates", "result":"Done", "context":{"dataType":"Edge Hub App Usage", "deleted":"1", "process_failed_to_decrypt":"0", "process_pending_decryption":"0", "process_success":"2", "total":"2"}}
{"logTime": "0701/012752", "correlationVector":"0GEFQfElkmdbgaiCkdWn/Z.6","action":"GetUpdates Response", "result":"Success", "context":Received 138 update(s). cV=0GEFQfElkmdbgaiCkdWn/Z.0;server=akswtt00900000z;cloudType=Consumer;environment=Prod_southeastasia_prod-s01-064-apac-southeastasia;migrationStage=NotStarted}
{"logTime": "0701/012753", "correlationVector":"LiwBUPVqjUXjM42H7Bu5Cx","action":"Normal GetUpdate request", "result":"", "context":cV=LiwBUPVqjUXjM42H7Bu5Cx
Nudged types: Sessions, Device Info, History
Refresh requested types: Bookmarks, Preferences, Passwords, Autofill Profiles, Autofill, Extensions, Sessions, Extension settings, History Delete Directives, Device Info, User Consents, Send Tab To Self, Web Apps, History, Saved Tab Group, WebAuthn Credentials, Collection, Edge E Drop, Edge Hub App Usage, Edge Wallet, Encryption Keys}
{"logTime": "0701/012753", "correlationVector":"LiwBUPVqjUXjM42H7Bu5Cx.1","action":"SyncServerConnectionManagerRequest", "result":"SYNC_SERVER_OK", "context":{"environment":"Prod_southeastasia_prod-s01-064-apac-southeastasia", "migrationStage":"NotStarted", "server":"akswtt009000011"}}
{"logTime": "0701/012753", "correlationVector":"LiwBUPVqjUXjM42H7Bu5Cx.2","action":"ProcessGetUpdates", "result":"Done", "context":{"dataType":"Bookmarks", "deleted":"0", "process_failed_to_decrypt":"0", "process_pending_decryption":"0", "process_success":"1", "total":"1"}}
{"logTime": "0701/012753", "correlationVector":"LiwBUPVqjUXjM42H7Bu5Cx.3","action":"GetUpdates Response", "result":"Success", "context":Received 1 update(s). cV=LiwBUPVqjUXjM42H7Bu5Cx.0;server=akswtt009000011;cloudType=Consumer;environment=Prod_southeastasia_prod-s01-064-apac-southeastasia;migrationStage=NotStarted}
{"logTime": "0701/012753", "correlationVector":"7CyhRek5p7xb5DEqvlWtag","action":"Commit Request", "result":"", "context":Item count: 5
Contributing types: Sessions, Device Info, History}
{"logTime": "0701/012754", "correlationVector":"7CyhRek5p7xb5DEqvlWtag.1","action":"SyncServerConnectionManagerRequest", "result":"SYNC_SERVER_OK", "context":{"environment":"Prod_southeastasia_prod-s01-064-apac-southeastasia", "migrationStage":"NotStarted", "server":"akswtt00900000e"}}
{"logTime": "0701/012754", "correlationVector":"7CyhRek5p7xb5DEqvlWtag.2","action":"Commit Response", "result":"Success", "context":Result: Success. cV=7CyhRek5p7xb5DEqvlWtag.0;server=akswtt00900000e;cloudType=Consumer;environment=Prod_southeastasia_prod-s01-064-apac-southeastasia;migrationStage=NotStarted}
{"logTime": "0701/012835", "correlationVector":"L35aU7WRtxSko656zGU903","action":"Commit Request", "result":"", "context":Item count: 27
Contributing types: Preferences, Passwords, Sessions, History}
{"logTime": "0701/012837", "correlationVector":"L35aU7WRtxSko656zGU903.1","action":"SyncServerConnectionManagerRequest", "result":"SYNC_SERVER_OK", "context":{"environment":"Prod_southeastasia_prod-s01-064-apac-southeastasia", "migrationStage":"NotStarted", "server":"akswtt009000036"}}
{"logTime": "0701/012837", "correlationVector":"L35aU7WRtxSko656zGU903.2","action":"Commit Response", "result":"Success", "context":Result: Success. cV=L35aU7WRtxSko656zGU903.0;server=akswtt009000036;cloudType=Consumer;environment=Prod_southeastasia_prod-s01-064-apac-southeastasia;migrationStage=NotStarted}
{"logTime": "0701/015814", "correlationVector":"SdvDZAlhvUpaFFAWNuEq8h.1","action":"SyncServerConnectionManagerRequest", "result":"SYNC_SERVER_OK", "context":{"environment":"Prod_southeastasia_prod-s01-065-apac-southeastasia", "migrationStage":"NotStarted", "server":"akswtt00900000r"}}
{"logTime": "0701/015814", "correlationVector":"SdvDZAlhvUpaFFAWNuEq8h.2","action":"ProcessGetUpdates", "result":"Done", "context":{"dataType":"Encryption Keys", "deleted":"0", "process_failed_to_decrypt":"0", "process_pending_decryption":"0", "process_success":"1", "total":"1"}}
{"logTime": "0701/015814", "correlationVector":"3E+lMQTGptZi9hXY6tE/x2","action":"SyncServerConnectionManagerRequest", "result":"SYNC_SERVER_OK", "context":{"environment":"", "migrationStage":"", "server":""}}
{"logTime": "0701/015814", "correlationVector":"3E+lMQTGptZi9hXY6tE/x2.0","action":"EncryptionKeysFetcher.DownloadKeys:", "result":"Success", "context":Key count: 7, Last key timestamp: 2025-02-12T04:01:09Z}
{"logTime": "0701/015814", "correlationVector":"3E+lMQTGptZi9hXY6tE/x2.1","action":"EncryptionKeysManager::SetEncryptionKeys:", "result":"Success", "context":Key names[7]:[28cUrx1JWTQJaOB4ZJiIwotWbw0OrWawY9jvEcuJkL35PipTTPoNKV+2Buk9nKXpwo07WPv5q4f9YeAkDnS0iQ==][VSOrTj0sukrA3T9rItjCABgqt6Wdr8XgzTMWxdwSKAH7oJRBAauMUPxTh27lRzxn2M+yHXuqcWzCye2XbHr8Qg==][Ud+Jd1bO3vgO7g4jYx/+6yeY0/KnH42DUxw1g6IOlrRt8LOFUp/EtcPhh9wZAC+lFon8JIurXOLo4Jq+9cXaIg==][a/vb5R/tGmtKB8i7oJsCBj5xuJJwk/F9LhPb8ukORHMAx3JgjEeQ6IhwwRVNxGnu2NFbi3xH2VnK/9OdewYG3w==][vM8jHOsVhhj7qEoxSvmiBExwZedgQWlAhCRCPIBo311yayI/e+DSnoLc7KciKnf2zT+EeMU/1dm9Ih0NqDS73A==][WoRBXOI5JU6zjNUDXPB1CI9qwByHnWli7Z4noZLyJElp9wco4QTsYZccK8w5MIgJiRGiBhuiPpDeuWh1okurjA==][BQcsjiC98/7vcIgEzZ5qUEWYp4JcTv/Tz4TFB/55lpTT21DnmtQZ4ZCGo7htVWJKoGVihGoaKYsRS/548WhsyQ==]}
{"logTime": "0701/015814", "correlationVector":"3E+lMQTGptZi9hXY6tE/x2.2","action":"EncryptionKeysManager::SetEncryptionKeysWithTimestamps:", "result":"Success", "context":Key timestamps[7]:[2021-12-05T09:35:00Z][2022-03-04T10:56:40Z][2022-10-24T08:41:32Z][2023-04-29T11:27:39Z][2024-01-23T15:16:38Z][2024-07-22T15:24:03Z][2025-02-12T04:01:09Z]}
{"logTime": "0701/015814", "correlationVector":"SdvDZAlhvUpaFFAWNuEq8h","action":"Initial GetUpdates", "result":"", "context":Reason: NEW_CLIENT. cV=SdvDZAlhvUpaFFAWNuEq8h}
{"logTime": "0701/015814", "correlationVector":"SdvDZAlhvUpaFFAWNuEq8h.3","action":"GetUpdates Response", "result":"Success", "context":Received 1 update(s). cV=SdvDZAlhvUpaFFAWNuEq8h.0;server=akswtt00900000r;cloudType=Consumer;environment=Prod_southeastasia_prod-s01-065-apac-southeastasia;migrationStage=NotStarted}
{"logTime": "0701/015814", "correlationVector":"8n3DX7GMx7UiqQ+UVzrf2b","action":"Initial GetUpdates", "result":"", "context":Reason: NEWLY_SUPPORTED_DATATYPE. cV=8n3DX7GMx7UiqQ+UVzrf2b}
{"logTime": "0701/015815", "correlationVector":"8n3DX7GMx7UiqQ+UVzrf2b.1","action":"SyncServerConnectionManagerRequest", "result":"SYNC_SERVER_OK", "context":{"environment":"Prod_southeastasia_prod-s01-065-apac-southeastasia", "migrationStage":"NotStarted", "server":"akswtt009000030"}}
{"logTime": "0701/015815", "correlationVector":"8n3DX7GMx7UiqQ+UVzrf2b.2","action":"ProcessGetUpdates", "result":"Done", "context":{"dataType":"Passwords", "deleted":"2", "process_failed_to_decrypt":"0", "process_pending_decryption":"0", "process_success":"29", "total":"29"}}
{"logTime": "0701/015815", "correlationVector":"8n3DX7GMx7UiqQ+UVzrf2b.3","action":"GetUpdates Response", "result":"Success", "context":Received 29 update(s). cV=8n3DX7GMx7UiqQ+UVzrf2b.0;server=akswtt009000030;cloudType=Consumer;environment=Prod_southeastasia_prod-s01-065-apac-southeastasia;migrationStage=NotStarted}
{"logTime": "0701/015815", "correlationVector":"JNXCV3DzyS93cLL9NJo6ZH","action":"Normal GetUpdate request", "result":"", "context":cV=JNXCV3DzyS93cLL9NJo6ZH
Nudged types: Preferences, Sessions, History
Refresh requested types: Bookmarks, Preferences, Passwords, Autofill Profiles, Autofill, Extensions, Sessions, Extension settings, History Delete Directives, Device Info, User Consents, Send Tab To Self, Web Apps, History, Saved Tab Group, WebAuthn Credentials, Collection, Edge E Drop, Edge Hub App Usage, Edge Wallet, Encryption Keys}
{"logTime": "0701/015815", "correlationVector":"JNXCV3DzyS93cLL9NJo6ZH.1","action":"SyncServerConnectionManagerRequest", "result":"SYNC_SERVER_OK", "context":{"environment":"Prod_southeastasia_prod-s01-065-apac-southeastasia", "migrationStage":"NotStarted", "server":"akswtt009000016"}}
{"logTime": "0701/015815", "correlationVector":"JNXCV3DzyS93cLL9NJo6ZH.2","action":"ProcessGetUpdates", "result":"Done", "context":{"dataType":"Preferences", "deleted":"1", "process_failed_to_decrypt":"0", "process_pending_decryption":"0", "process_success":"3", "total":"3"}}
{"logTime": "0701/015815", "correlationVector":"JNXCV3DzyS93cLL9NJo6ZH.3","action":"ProcessGetUpdates", "result":"Done", "context":{"dataType":"Sessions", "deleted":"1", "process_failed_to_decrypt":"0", "process_pending_decryption":"0", "process_success":"9", "total":"9"}}
{"logTime": "0701/015815", "correlationVector":"JNXCV3DzyS93cLL9NJo6ZH.4","action":"ProcessGetUpdates", "result":"Done", "context":{"dataType":"Device Info", "deleted":"0", "process_failed_to_decrypt":"0", "process_pending_decryption":"0", "process_success":"2", "total":"2"}}
{"logTime": "0701/015815", "correlationVector":"JNXCV3DzyS93cLL9NJo6ZH.5","action":"ProcessGetUpdates", "result":"Done", "context":{"dataType":"History", "deleted":"0", "process_failed_to_decrypt":"0", "process_pending_decryption":"0", "process_success":"10", "total":"10"}}
{"logTime": "0701/015815", "correlationVector":"JNXCV3DzyS93cLL9NJo6ZH.6","action":"GetUpdates Response", "result":"Success", "context":Received 24 update(s). cV=JNXCV3DzyS93cLL9NJo6ZH.0;server=akswtt009000016;cloudType=Consumer;environment=Prod_southeastasia_prod-s01-065-apac-southeastasia;migrationStage=NotStarted}
{"logTime": "0701/015815", "correlationVector":"YDf6WkmqTW8GPGcOYvUHD0","action":"Commit Request", "result":"", "context":Item count: 5
Contributing types: Sessions, History}
{"logTime": "0701/015816", "correlationVector":"YDf6WkmqTW8GPGcOYvUHD0.1","action":"SyncServerConnectionManagerRequest", "result":"SYNC_SERVER_OK", "context":{"environment":"Prod_southeastasia_prod-s01-065-apac-southeastasia", "migrationStage":"NotStarted", "server":"akswtt009000025"}}
{"logTime": "0701/015816", "correlationVector":"YDf6WkmqTW8GPGcOYvUHD0.2","action":"Commit Response", "result":"Success", "context":Result: Success. cV=YDf6WkmqTW8GPGcOYvUHD0.0;server=akswtt009000025;cloudType=Consumer;environment=Prod_southeastasia_prod-s01-065-apac-southeastasia;migrationStage=NotStarted}
{"logTime": "0701/015816", "correlationVector":"YDf6WkmqTW8GPGcOYvUHD0.3","action":"Commit.Sessions", "result":"Success", "context":{"id":"d6fed786-c117-4904-9e14-ac531ed16eff", "isDeleted":"true", "size":"0", "version":"1751333317422"}}
{"logTime": "0701/015823", "correlationVector":"blZtMvkYHRSWAAXVRjqaPm","action":"Normal GetUpdate request", "result":"", "context":cV=blZtMvkYHRSWAAXVRjqaPm
Nudged types: Sessions, History
Notified types: Preferences, Device Info}
{"logTime": "0701/015823", "correlationVector":"blZtMvkYHRSWAAXVRjqaPm.1","action":"SyncServerConnectionManagerRequest", "result":"SYNC_SERVER_OK", "context":{"environment":"Prod_southeastasia_prod-s01-065-apac-southeastasia", "migrationStage":"NotStarted", "server":"akswtt00900000g"}}
{"logTime": "0701/015823", "correlationVector":"blZtMvkYHRSWAAXVRjqaPm.2","action":"ProcessGetUpdates", "result":"Done", "context":{"dataType":"Preferences", "deleted":"0", "process_failed_to_decrypt":"0", "process_pending_decryption":"0", "process_success":"2", "total":"2"}}
{"logTime": "0701/015823", "correlationVector":"blZtMvkYHRSWAAXVRjqaPm.3","action":"ProcessGetUpdates", "result":"Done", "context":{"dataType":"Sessions", "deleted":"1", "process_failed_to_decrypt":"0", "process_pending_decryption":"0", "process_success":"4", "total":"4"}}
{"logTime": "0701/015823", "correlationVector":"blZtMvkYHRSWAAXVRjqaPm.4","action":"ProcessGetUpdates", "result":"Done", "context":{"dataType":"Device Info", "deleted":"0", "process_failed_to_decrypt":"0", "process_pending_decryption":"0", "process_success":"1", "total":"1"}}
{"logTime": "0701/015823", "correlationVector":"blZtMvkYHRSWAAXVRjqaPm.5","action":"ProcessGetUpdates", "result":"Done", "context":{"dataType":"History", "deleted":"0", "process_failed_to_decrypt":"0", "process_pending_decryption":"0", "process_success":"2", "total":"2"}}
{"logTime": "0701/015823", "correlationVector":"blZtMvkYHRSWAAXVRjqaPm.6","action":"GetUpdates Response", "result":"Success", "context":Received 9 update(s). cV=blZtMvkYHRSWAAXVRjqaPm.0;server=akswtt00900000g;cloudType=Consumer;environment=Prod_southeastasia_prod-s01-065-apac-southeastasia;migrationStage=NotStarted}
{"logTime": "0701/015823", "correlationVector":"kenkjrUo9L0V3QoXymHOmF","action":"Commit Request", "result":"", "context":Item count: 2
Contributing types: Sessions, History}
{"logTime": "0701/015823", "correlationVector":"kenkjrUo9L0V3QoXymHOmF.1","action":"SyncServerConnectionManagerRequest", "result":"SYNC_SERVER_OK", "context":{"environment":"Prod_southeastasia_prod-s01-065-apac-southeastasia", "migrationStage":"NotStarted", "server":"akswtt00900002o"}}
{"logTime": "0701/015823", "correlationVector":"kenkjrUo9L0V3QoXymHOmF.2","action":"Commit Response", "result":"Success", "context":Result: Success. cV=kenkjrUo9L0V3QoXymHOmF.0;server=akswtt00900002o;cloudType=Consumer;environment=Prod_southeastasia_prod-s01-065-apac-southeastasia;migrationStage=NotStarted}
{"logTime": "0701/015824", "correlationVector":"xJBsFhl4q7sco0DXMLKACN","action":"Normal GetUpdate request", "result":"", "context":cV=xJBsFhl4q7sco0DXMLKACN
Nudged types: Sessions, History
Notified types: Preferences}
{"logTime": "0701/015825", "correlationVector":"xJBsFhl4q7sco0DXMLKACN.1","action":"SyncServerConnectionManagerRequest", "result":"SYNC_SERVER_OK", "context":{"environment":"Prod_southeastasia_prod-s01-065-apac-southeastasia", "migrationStage":"NotStarted", "server":"akswtt00900001y"}}
{"logTime": "0701/015825", "correlationVector":"xJBsFhl4q7sco0DXMLKACN.2","action":"ProcessGetUpdates", "result":"Done", "context":{"dataType":"Preferences", "deleted":"0", "process_failed_to_decrypt":"0", "process_pending_decryption":"0", "process_success":"1", "total":"1"}}
{"logTime": "0701/015825", "correlationVector":"xJBsFhl4q7sco0DXMLKACN.3","action":"ProcessGetUpdates", "result":"Done", "context":{"dataType":"Sessions", "deleted":"0", "process_failed_to_decrypt":"0", "process_pending_decryption":"0", "process_success":"1", "total":"1"}}
{"logTime": "0701/015825", "correlationVector":"xJBsFhl4q7sco0DXMLKACN.4","action":"ProcessGetUpdates", "result":"Done", "context":{"dataType":"History", "deleted":"0", "process_failed_to_decrypt":"0", "process_pending_decryption":"0", "process_success":"1", "total":"1"}}
{"logTime": "0701/015825", "correlationVector":"xJBsFhl4q7sco0DXMLKACN.5","action":"GetUpdates Response", "result":"Success", "context":Received 3 update(s). cV=xJBsFhl4q7sco0DXMLKACN.0;server=akswtt00900001y;cloudType=Consumer;environment=Prod_southeastasia_prod-s01-065-apac-southeastasia;migrationStage=NotStarted}
{"logTime": "0701/015825", "correlationVector":"G7qt3vltU6l8s4Ub4TAvkQ","action":"DoCompareDataConsistency requsted types: ", "result":"Bookmarks, Preferences, Passwords, Extensions, Extension settings, History Delete Directives, Send Tab To Self, Web Apps, History, Saved Tab Group, WebAuthn Credentials, Collection, Edge E Drop, Edge Wallet, Encryption Keys"}
{"logTime": "0701/015825", "correlationVector":"G7qt3vltU6l8s4Ub4TAvkQ.0","action":"CompareDataConsistency result: ", "result":"Compare result: Encryption Keys is consistent. local entities count is: 1 local entities hash is: 3HxPuqvbpBZCZWDrt9VGvXR89i0="}
{"logTime": "0701/015825", "correlationVector":"G7qt3vltU6l8s4Ub4TAvkQ.1","action":"CompareDataConsistency result: ", "result":"Compare result: Bookmarks is consistent. local entities count is: 2 local entities hash is: XdydO3PNUdliemeUj8q4/QhFr/4="}
{"logTime": "0701/015825", "correlationVector":"G7qt3vltU6l8s4Ub4TAvkQ.2","action":"CompareDataConsistency result: ", "result":"Compare result: Preferences is consistent. local entities count is: 82 local entities hash is: kgLw8PeDkHfp+URjE/WHPPRDnaY="}
{"logTime": "0701/015825", "correlationVector":"G7qt3vltU6l8s4Ub4TAvkQ.3","action":"CompareDataConsistency result: ", "result":"Compare result: Extensions is consistent. local entities count is: 1 local entities hash is: gBZUadBCHK0hhUVRU/L1Gnej0bA="}
{"logTime": "0701/015825", "correlationVector":"G7qt3vltU6l8s4Ub4TAvkQ.4","action":"CompareDataConsistency result: ", "result":"Compare result: Extension settings is consistent. local entities count is: 0 local entities hash is: "}
{"logTime": "0701/015825", "correlationVector":"G7qt3vltU6l8s4Ub4TAvkQ.5","action":"CompareDataConsistency result: ", "result":"Compare result: History Delete Directives is consistent. local entities count is: 0 local entities hash is: "}
{"logTime": "0701/015825", "correlationVector":"G7qt3vltU6l8s4Ub4TAvkQ.6","action":"CompareDataConsistency result: ", "result":"Server did not send this Send Tab To Self local entities count is: 0 local entities hash is: "}
{"logTime": "0701/015825", "correlationVector":"G7qt3vltU6l8s4Ub4TAvkQ.7","action":"CompareDataConsistency result: ", "result":"Compare result: Web Apps is consistent. local entities count is: 0 local entities hash is: "}
{"logTime": "0701/015825", "correlationVector":"G7qt3vltU6l8s4Ub4TAvkQ.8","action":"CompareDataConsistency result: ", "result":"Server did not send this History local entities count is: 0 local entities hash is: "}
{"logTime": "0701/015825", "correlationVector":"G7qt3vltU6l8s4Ub4TAvkQ.9","action":"CompareDataConsistency result: ", "result":"Compare result: Saved Tab Group is consistent. local entities count is: 2 local entities hash is: Yzx5ExzR+q99/mJv0aZINQPBpeM="}
{"logTime": "0701/015825", "correlationVector":"G7qt3vltU6l8s4Ub4TAvkQ.10","action":"CompareDataConsistency result: ", "result":"Server did not send this WebAuthn Credentials local entities count is: 0 local entities hash is: "}
{"logTime": "0701/015825", "correlationVector":"G7qt3vltU6l8s4Ub4TAvkQ.11","action":"CompareDataConsistency result: ", "result":"Compare result: Collection is consistent. local entities count is: 0 local entities hash is: "}
{"logTime": "0701/015825", "correlationVector":"G7qt3vltU6l8s4Ub4TAvkQ.12","action":"CompareDataConsistency result: ", "result":"Compare result: Edge E Drop is consistent. local entities count is: 0 local entities hash is: "}
{"logTime": "0701/015825", "correlationVector":"G7qt3vltU6l8s4Ub4TAvkQ.13","action":"CompareDataConsistency result: ", "result":"Compare result: Edge Wallet is consistent. local entities count is: 0 local entities hash is: "}
{"logTime": "0701/015825", "correlationVector":"G7qt3vltU6l8s4Ub4TAvkQ.14","action":"CompareDataConsistency result: ", "result":"Compare result: Passwords is consistent. local entities count is: 27 local entities hash is: E7GZBuI/YOZ0kq5umKa64CLPV7E="}
{"logTime": "0701/015825", "correlationVector":"","action":"DIAGNOSTIC_REQUEST|v1/diagnosticData/Diagnostic.SendCheckResult()|SUCCESS", "result":""}
{"logTime": "0701/015843", "correlationVector":"XZ39agxihYEhpou1nj/UMJ","action":"Normal GetUpdate request", "result":"", "context":cV=XZ39agxihYEhpou1nj/UMJ
Nudged types: History
Notified types: Preferences, Device Info}
{"logTime": "0701/015843", "correlationVector":"XZ39agxihYEhpou1nj/UMJ.1","action":"SyncServerConnectionManagerRequest", "result":"SYNC_SERVER_OK", "context":{"environment":"Prod_southeastasia_prod-s01-065-apac-southeastasia", "migrationStage":"NotStarted", "server":"akswtt009000033"}}
{"logTime": "0701/015843", "correlationVector":"XZ39agxihYEhpou1nj/UMJ.2","action":"ProcessGetUpdates", "result":"Done", "context":{"dataType":"Preferences", "deleted":"0", "process_failed_to_decrypt":"0", "process_pending_decryption":"0", "process_success":"2", "total":"2"}}
{"logTime": "0701/015843", "correlationVector":"XZ39agxihYEhpou1nj/UMJ.3","action":"ProcessGetUpdates", "result":"Done", "context":{"dataType":"Device Info", "deleted":"0", "process_failed_to_decrypt":"0", "process_pending_decryption":"0", "process_success":"1", "total":"1"}}
{"logTime": "0701/015843", "correlationVector":"XZ39agxihYEhpou1nj/UMJ.4","action":"GetUpdates Response", "result":"Success", "context":Received 3 update(s). cV=XZ39agxihYEhpou1nj/UMJ.0;server=akswtt009000033;cloudType=Consumer;environment=Prod_southeastasia_prod-s01-065-apac-southeastasia;migrationStage=NotStarted}
{"logTime": "0701/015843", "correlationVector":"TUlEKYIPk7MOYHSsH0xAm4","action":"Commit Request", "result":"", "context":Item count: 1
Contributing types: History}
{"logTime": "0701/015844", "correlationVector":"TUlEKYIPk7MOYHSsH0xAm4.1","action":"SyncServerConnectionManagerRequest", "result":"SYNC_SERVER_OK", "context":{"environment":"Prod_southeastasia_prod-s01-065-apac-southeastasia", "migrationStage":"NotStarted", "server":"akswtt00900001t"}}
{"logTime": "0701/015844", "correlationVector":"TUlEKYIPk7MOYHSsH0xAm4.2","action":"Commit Response", "result":"Success", "context":Result: Success. cV=TUlEKYIPk7MOYHSsH0xAm4.0;server=akswtt00900001t;cloudType=Consumer;environment=Prod_southeastasia_prod-s01-065-apac-southeastasia;migrationStage=NotStarted}
{"logTime": "0701/015845", "correlationVector":"uQil3MujfHNK6UlRZKAgXI","action":"Normal GetUpdate request", "result":"", "context":cV=uQil3MujfHNK6UlRZKAgXI
Nudged types: History
Notified types: Preferences}
{"logTime": "0701/015845", "correlationVector":"uQil3MujfHNK6UlRZKAgXI.1","action":"SyncServerConnectionManagerRequest", "result":"SYNC_SERVER_OK", "context":{"environment":"Prod_southeastasia_prod-s01-065-apac-southeastasia", "migrationStage":"NotStarted", "server":"akswtt00900000u"}}
{"logTime": "0701/015845", "correlationVector":"uQil3MujfHNK6UlRZKAgXI.2","action":"ProcessGetUpdates", "result":"Done", "context":{"dataType":"Preferences", "deleted":"0", "process_failed_to_decrypt":"0", "process_pending_decryption":"0", "process_success":"1", "total":"1"}}
{"logTime": "0701/015845", "correlationVector":"uQil3MujfHNK6UlRZKAgXI.3","action":"ProcessGetUpdates", "result":"Done", "context":{"dataType":"History", "deleted":"0", "process_failed_to_decrypt":"0", "process_pending_decryption":"0", "process_success":"1", "total":"1"}}
{"logTime": "0701/015845", "correlationVector":"uQil3MujfHNK6UlRZKAgXI.4","action":"GetUpdates Response", "result":"Success", "context":Received 2 update(s). cV=uQil3MujfHNK6UlRZKAgXI.0;server=akswtt00900000u;cloudType=Consumer;environment=Prod_southeastasia_prod-s01-065-apac-southeastasia;migrationStage=NotStarted}
