2025-07-01 01:27:35.601: [INFO][Sync] SyncState after authenticated was: FeatureCanStart
2025-07-01 01:27:39.444: [INFO][Sync] Try to start sync engine
2025-07-01 01:27:39.672: [INFO][SyncManagerImpl::NudgeForInitialDownload] Initial download nudge for Encryption Keys
2025-07-01 01:27:39.672: [INFO][SyncEngineBackend::LoadAndConnectNigoriController] Load and connect Nigori controller
2025-07-01 01:27:39.672: [INFO][SyncEngineBackend::DoInitialize] Control Types added: Encryption Keys
2025-07-01 01:27:39.672: [INFO][SyncManagerImpl::ConfigureSyncer] Types to download: Encryption Keys with reason: 3
2025-07-01 01:27:39.723: [INFO][SyncSchedulerImpl::DoConfigurationSyncCycleJob] Configure job was blocked
2025-07-01 01:27:41.255: [INFO][SyncAuthManager::SetLastAuthError] Current auth error: None
2025-07-01 01:27:41.255: [INFO][SyncAuthManager::EdgeLogTokenErrorState] Token error with: None for account type: MSA
2025-07-01 01:27:41.257: [INFO][Sync] Credentials changed for: EdgeSyncScopeNew
2025-07-01 01:27:42.410: [INFO][SyncAuthManager::SetLastAuthError] Current auth error: None
2025-07-01 01:27:42.443: [INFO][SyncAuthManager::EdgeLogTokenErrorState] Token error with: None for account type: MSA
2025-07-01 01:27:42.444: [INFO][Sync] Credentials changed for: EdgeSyncKeyDataScope
2025-07-01 01:27:42.445: [INFO][SyncEngineBackend::DoUpdateKeyDataCredentials] Update key data credentials
2025-07-01 01:27:42.445: [INFO][SyncEngineBackend::DoUpdateCredentials] Update credentials
2025-07-01 01:27:42.447: [INFO][SyncSchedulerImpl::DoConfigurationSyncCycleJob] Blocked types:  and types to download: Encryption Keys
2025-07-01 01:27:45.316: [INFO][Sync] Started DataTypeManager configuration, reason: 4
2025-07-01 01:27:45.320: [INFO][Sync] Configuring for: Bookmarks, Preferences, Passwords, Autofill Profiles, Autofill, Extensions, Sessions, Extension settings, History Delete Directives, Device Info, User Consents, Send Tab To Self, Web Apps, History, Saved Tab Group, WebAuthn Credentials, Collection, Edge E Drop, Edge Hub App Usage, Edge Wallet, Encryption Keys, reason: 4, current state: 0
2025-07-01 01:27:45.321: [WARN][Sync] Crypto error data types: Passwords, Autofill Profiles, Autofill
2025-07-01 01:27:45.327: [INFO][Sync] Configure, desired: Bookmarks, Preferences, Extensions, Sessions, Extension settings, History Delete Directives, Device Info, User Consents, Send Tab To Self, Web Apps, History, Saved Tab Group, WebAuthn Credentials, Collection, Edge E Drop, Edge Hub App Usage, Edge Wallet, Encryption Keys; Allow fail: Passwords, Autofill Profiles, Autofill
2025-07-01 01:27:45.329: [INFO][Sync] Loading: Bookmarks
2025-07-01 01:27:45.329: [INFO][Sync] Loading: Preferences
2025-07-01 01:27:45.330: [INFO][Sync] Loading: Extensions
2025-07-01 01:27:45.333: [INFO][Sync] Loading: Sessions
2025-07-01 01:27:45.334: [INFO][Sync] Loading: Extension settings
2025-07-01 01:27:45.335: [INFO][Sync] Loading: History Delete Directives
2025-07-01 01:27:45.337: [INFO][Sync] Loading: Device Info
2025-07-01 01:27:45.339: [INFO][Sync] Loading: User Consents
2025-07-01 01:27:45.339: [INFO][Sync] Loading: Send Tab To Self
2025-07-01 01:27:45.339: [INFO][Sync] Loading: Web Apps
2025-07-01 01:27:45.339: [INFO][Sync] Loading: History
2025-07-01 01:27:45.339: [INFO][Sync] Loading: Saved Tab Group
2025-07-01 01:27:45.339: [INFO][Sync] Loading: WebAuthn Credentials
2025-07-01 01:27:45.339: [INFO][Sync] Loading: Collection
2025-07-01 01:27:45.339: [INFO][Sync] Loading: Edge E Drop
2025-07-01 01:27:45.339: [INFO][Sync] Loading: Edge Hub App Usage
2025-07-01 01:27:45.339: [INFO][Sync] Loading: Edge Wallet
2025-07-01 01:27:45.392: [INFO][Sync] All data types are ready for configure.
2025-07-01 01:27:45.865: [INFO][Sync] Started DataTypeManager configuration, reason: 5
2025-07-01 01:27:45.865: [INFO][Sync] Configuring for: Bookmarks, Preferences, Passwords, Autofill Profiles, Autofill, Extensions, Sessions, Extension settings, History Delete Directives, Device Info, User Consents, Send Tab To Self, Web Apps, History, Saved Tab Group, WebAuthn Credentials, Collection, Edge E Drop, Edge Hub App Usage, Edge Wallet, Encryption Keys, reason: 5, current state: 1
2025-07-01 01:27:45.903: [INFO][SyncEngineBackend::DoStartConfiguration] Start configuration
2025-07-01 01:27:45.905: [INFO][SyncManagerImpl::NudgeForInitialDownload] Initial download nudge for Preferences
2025-07-01 01:27:45.905: [INFO][SyncManagerImpl::NudgeForInitialDownload] Initial download nudge for Extensions
2025-07-01 01:27:45.905: [INFO][SyncManagerImpl::NudgeForInitialDownload] Initial download nudge for Sessions
2025-07-01 01:27:45.905: [INFO][SyncManagerImpl::NudgeForInitialDownload] Initial download nudge for Extension settings
2025-07-01 01:27:45.905: [INFO][SyncManagerImpl::NudgeForInitialDownload] Initial download nudge for History Delete Directives
2025-07-01 01:27:45.905: [INFO][SyncManagerImpl::NudgeForInitialDownload] Initial download nudge for Device Info
2025-07-01 01:27:45.905: [INFO][SyncManagerImpl::NudgeForInitialDownload] Initial download nudge for Send Tab To Self
2025-07-01 01:27:45.905: [INFO][SyncManagerImpl::NudgeForInitialDownload] Initial download nudge for Web Apps
2025-07-01 01:27:45.905: [INFO][SyncManagerImpl::NudgeForInitialDownload] Initial download nudge for Saved Tab Group
2025-07-01 01:27:45.905: [INFO][SyncManagerImpl::NudgeForInitialDownload] Initial download nudge for WebAuthn Credentials
2025-07-01 01:27:45.905: [INFO][SyncManagerImpl::NudgeForInitialDownload] Initial download nudge for Collection
2025-07-01 01:27:45.905: [INFO][SyncManagerImpl::NudgeForInitialDownload] Initial download nudge for Edge E Drop
2025-07-01 01:27:45.905: [INFO][SyncManagerImpl::NudgeForInitialDownload] Initial download nudge for Edge Hub App Usage
2025-07-01 01:27:45.905: [INFO][SyncManagerImpl::NudgeForInitialDownload] Initial download nudge for Edge Wallet
2025-07-01 01:27:45.905: [INFO][SyncManagerImpl::ConfigureSyncer] Types to download:  with reason: 4
2025-07-01 01:27:45.905: [INFO][SyncEngineBackend::DoFinishConfigureDataTypes] Failed to download types:  and succeeded types: 
2025-07-01 01:27:45.907: [INFO][Sync] ConfigurationDone, failed: , succeeded: , remaining count: 4
2025-07-01 01:27:45.907: [WARN][Sync]     Reconfigure requested while configuration ongoing.
2025-07-01 01:27:45.907: [INFO][Sync] Configuring for: Bookmarks, Preferences, Passwords, Autofill Profiles, Autofill, Extensions, Sessions, Extension settings, History Delete Directives, Device Info, User Consents, Send Tab To Self, Web Apps, History, Saved Tab Group, WebAuthn Credentials, Collection, Edge E Drop, Edge Hub App Usage, Edge Wallet, Encryption Keys, reason: 5, current state: 2
2025-07-01 01:27:45.907: [INFO][Sync] Configure, desired: Bookmarks, Preferences, Passwords, Autofill Profiles, Autofill, Extensions, Sessions, Extension settings, History Delete Directives, Device Info, User Consents, Send Tab To Self, Web Apps, History, Saved Tab Group, WebAuthn Credentials, Collection, Edge E Drop, Edge Hub App Usage, Edge Wallet, Encryption Keys; Allow fail: 
2025-07-01 01:27:45.907: [INFO][Sync] Loading: Passwords
2025-07-01 01:27:45.907: [INFO][Sync] Loading: Autofill Profiles
2025-07-01 01:27:45.907: [INFO][Sync] Loading: Autofill
2025-07-01 01:27:45.911: [INFO][Sync] All data types are ready for configure.
2025-07-01 01:27:45.912: [INFO][SyncManagerImpl::NudgeForInitialDownload] Initial download nudge for Passwords
2025-07-01 01:27:45.912: [INFO][SyncManagerImpl::NudgeForInitialDownload] Initial download nudge for Autofill Profiles
2025-07-01 01:27:45.912: [INFO][SyncManagerImpl::NudgeForInitialDownload] Initial download nudge for Autofill
2025-07-01 01:27:45.912: [INFO][SyncManagerImpl::ConfigureSyncer] Types to download:  with reason: 5
2025-07-01 01:27:45.912: [INFO][SyncEngineBackend::DoFinishConfigureDataTypes] Failed to download types:  and succeeded types: 
2025-07-01 01:27:45.913: [INFO][Sync] ConfigurationDone, failed: , succeeded: , remaining count: 4
2025-07-01 01:27:45.913: [INFO][Sync] Prepare to configure types: Preferences, Passwords, Device Info, Send Tab To Self, Edge E Drop, Encryption Keys
2025-07-01 01:27:45.914: [INFO][SyncManagerImpl::ConfigureSyncer] Types to download: Preferences, Passwords, Device Info, Send Tab To Self, Edge E Drop, Encryption Keys with reason: 5
2025-07-01 01:27:45.914: [INFO][SyncSchedulerImpl::DoConfigurationSyncCycleJob] Blocked types:  and types to download: Preferences, Passwords, Device Info, Send Tab To Self, Edge E Drop, Encryption Keys
2025-07-01 01:27:46.557: [INFO][SyncEngineBackend::DoFinishConfigureDataTypes] Failed to download types:  and succeeded types: Preferences, Passwords, Device Info, Send Tab To Self, Edge E Drop, Encryption Keys
2025-07-01 01:27:46.693: [INFO][Sync] ConfigurationDone, failed: , succeeded: Preferences, Passwords, Device Info, Send Tab To Self, Edge E Drop, Encryption Keys, remaining count: 3
2025-07-01 01:27:46.694: [INFO][SyncManagerImpl::ConfigureSyncer] Types to download:  with reason: 5
2025-07-01 01:27:46.694: [INFO][SyncEngineBackend::DoFinishConfigureDataTypes] Failed to download types:  and succeeded types: 
2025-07-01 01:27:46.705: [INFO][Sync] ConfigurationDone, failed: , succeeded: , remaining count: 2
2025-07-01 01:27:46.705: [INFO][Sync] Prepare to configure types: Autofill Profiles, Autofill, Extensions, Sessions, Extension settings, History Delete Directives, Web Apps, Saved Tab Group, WebAuthn Credentials, Collection, Edge Hub App Usage, Edge Wallet, Encryption Keys
2025-07-01 01:27:46.705: [INFO][SyncManagerImpl::ConfigureSyncer] Types to download: Autofill Profiles, Autofill, Extensions, Sessions, Extension settings, History Delete Directives, Web Apps, Saved Tab Group, WebAuthn Credentials, Collection, Edge Hub App Usage, Edge Wallet, Encryption Keys with reason: 5
2025-07-01 01:27:46.705: [INFO][SyncSchedulerImpl::DoConfigurationSyncCycleJob] Blocked types:  and types to download: Autofill Profiles, Autofill, Extensions, Sessions, Extension settings, History Delete Directives, Web Apps, Saved Tab Group, WebAuthn Credentials, Collection, Edge Hub App Usage, Edge Wallet, Encryption Keys
2025-07-01 01:27:52.418: [INFO][SyncEngineBackend::DoFinishConfigureDataTypes] Failed to download types:  and succeeded types: Autofill Profiles, Autofill, Extensions, Sessions, Extension settings, History Delete Directives, Web Apps, Saved Tab Group, WebAuthn Credentials, Collection, Edge Hub App Usage, Edge Wallet, Encryption Keys
2025-07-01 01:27:52.515: [INFO][Sync] ConfigurationDone, failed: , succeeded: Autofill Profiles, Autofill, Extensions, Sessions, Extension settings, History Delete Directives, Web Apps, Saved Tab Group, WebAuthn Credentials, Collection, Edge Hub App Usage, Edge Wallet, Encryption Keys, remaining count: 1
2025-07-01 01:27:52.646: [INFO][SyncManagerImpl::ConfigureSyncer] Types to download:  with reason: 5
2025-07-01 01:27:52.646: [INFO][SyncEngineBackend::DoFinishConfigureDataTypes] Failed to download types:  and succeeded types: 
2025-07-01 01:27:52.648: [INFO][Sync] ConfigurationDone, failed: , succeeded: , remaining count: 0
2025-07-01 01:27:52.651: [INFO][Sync]     Configuration completed, state: 7
2025-07-01 01:27:52.658: [INFO][Sync] Configured DataTypeManager: Ok
2025-07-01 01:27:52.681: [INFO][SyncEngineBackend::DoStartSyncing] Start syncing
2025-07-01 01:58:11.379: [INFO][Sync] SyncState after authenticated was: FeatureCanStart
2025-07-01 01:58:12.033: [INFO][Sync] Try to start sync engine
2025-07-01 01:58:12.036: [INFO][SyncManagerImpl::NudgeForInitialDownload] Initial download nudge for Encryption Keys
2025-07-01 01:58:12.036: [INFO][SyncEngineBackend::LoadAndConnectNigoriController] Load and connect Nigori controller
2025-07-01 01:58:12.036: [INFO][SyncEngineBackend::DoInitialize] Control Types added: Encryption Keys
2025-07-01 01:58:12.036: [INFO][SyncManagerImpl::ConfigureSyncer] Types to download: Encryption Keys with reason: 3
2025-07-01 01:58:12.036: [INFO][SyncSchedulerImpl::DoConfigurationSyncCycleJob] Configure job was blocked
2025-07-01 01:58:12.119: [INFO][SyncAuthManager::SetLastAuthError] Current auth error: None
2025-07-01 01:58:12.119: [INFO][SyncAuthManager::EdgeLogTokenErrorState] Token error with: None for account type: MSA
2025-07-01 01:58:12.119: [INFO][Sync] Credentials changed for: EdgeSyncScopeNew
2025-07-01 01:58:13.883: [INFO][SyncAuthManager::SetLastAuthError] Current auth error: None
2025-07-01 01:58:13.883: [INFO][SyncAuthManager::EdgeLogTokenErrorState] Token error with: None for account type: MSA
2025-07-01 01:58:13.883: [INFO][Sync] Credentials changed for: EdgeSyncKeyDataScope
2025-07-01 01:58:13.884: [INFO][SyncEngineBackend::DoUpdateKeyDataCredentials] Update key data credentials
2025-07-01 01:58:13.884: [INFO][SyncEngineBackend::DoUpdateCredentials] Update credentials
2025-07-01 01:58:13.913: [INFO][SyncSchedulerImpl::DoConfigurationSyncCycleJob] Blocked types:  and types to download: Encryption Keys
2025-07-01 01:58:14.461: [INFO][Sync] Started DataTypeManager configuration, reason: 4
2025-07-01 01:58:14.462: [INFO][Sync] Configuring for: Bookmarks, Preferences, Passwords, Autofill Profiles, Autofill, Extensions, Sessions, Extension settings, History Delete Directives, Device Info, User Consents, Send Tab To Self, Web Apps, History, Saved Tab Group, WebAuthn Credentials, Collection, Edge E Drop, Edge Hub App Usage, Edge Wallet, Encryption Keys, reason: 4, current state: 0
2025-07-01 01:58:14.462: [WARN][Sync] Crypto error data types: Passwords, Autofill Profiles, Autofill
2025-07-01 01:58:14.469: [INFO][Sync] Configure, desired: Bookmarks, Preferences, Extensions, Sessions, Extension settings, History Delete Directives, Device Info, User Consents, Send Tab To Self, Web Apps, History, Saved Tab Group, WebAuthn Credentials, Collection, Edge E Drop, Edge Hub App Usage, Edge Wallet, Encryption Keys; Allow fail: Passwords, Autofill Profiles, Autofill
2025-07-01 01:58:14.469: [INFO][Sync] Loading: Bookmarks
2025-07-01 01:58:14.469: [INFO][Sync] Loading: Preferences
2025-07-01 01:58:14.469: [INFO][Sync] Loading: Extensions
2025-07-01 01:58:14.470: [INFO][Sync] Loading: Sessions
2025-07-01 01:58:14.470: [INFO][Sync] Loading: Extension settings
2025-07-01 01:58:14.470: [INFO][Sync] Loading: History Delete Directives
2025-07-01 01:58:14.470: [INFO][Sync] Loading: Device Info
2025-07-01 01:58:14.470: [INFO][Sync] Loading: User Consents
2025-07-01 01:58:14.470: [INFO][Sync] Loading: Send Tab To Self
2025-07-01 01:58:14.470: [INFO][Sync] Loading: Web Apps
2025-07-01 01:58:14.470: [INFO][Sync] Loading: History
2025-07-01 01:58:14.471: [INFO][Sync] Loading: Saved Tab Group
2025-07-01 01:58:14.471: [INFO][Sync] Loading: WebAuthn Credentials
2025-07-01 01:58:14.471: [INFO][Sync] Loading: Collection
2025-07-01 01:58:14.471: [INFO][Sync] Loading: Edge E Drop
2025-07-01 01:58:14.471: [INFO][Sync] Loading: Edge Hub App Usage
2025-07-01 01:58:14.471: [INFO][Sync] Loading: Edge Wallet
2025-07-01 01:58:14.489: [INFO][Sync] All data types are ready for configure.
2025-07-01 01:58:14.916: [INFO][Sync] Started DataTypeManager configuration, reason: 5
2025-07-01 01:58:14.916: [INFO][Sync] Configuring for: Bookmarks, Preferences, Passwords, Autofill Profiles, Autofill, Extensions, Sessions, Extension settings, History Delete Directives, Device Info, User Consents, Send Tab To Self, Web Apps, History, Saved Tab Group, WebAuthn Credentials, Collection, Edge E Drop, Edge Hub App Usage, Edge Wallet, Encryption Keys, reason: 5, current state: 1
2025-07-01 01:58:14.922: [INFO][SyncEngineBackend::DoStartConfiguration] Start configuration
2025-07-01 01:58:14.923: [INFO][SyncManagerImpl::ConfigureSyncer] Types to download:  with reason: 4
2025-07-01 01:58:14.923: [INFO][SyncEngineBackend::DoFinishConfigureDataTypes] Failed to download types:  and succeeded types: 
2025-07-01 01:58:14.923: [INFO][Sync] ConfigurationDone, failed: , succeeded: , remaining count: 4
2025-07-01 01:58:14.923: [WARN][Sync]     Reconfigure requested while configuration ongoing.
2025-07-01 01:58:14.923: [INFO][Sync] Configuring for: Bookmarks, Preferences, Passwords, Autofill Profiles, Autofill, Extensions, Sessions, Extension settings, History Delete Directives, Device Info, User Consents, Send Tab To Self, Web Apps, History, Saved Tab Group, WebAuthn Credentials, Collection, Edge E Drop, Edge Hub App Usage, Edge Wallet, Encryption Keys, reason: 5, current state: 2
2025-07-01 01:58:14.923: [INFO][Sync] Configure, desired: Bookmarks, Preferences, Passwords, Autofill Profiles, Autofill, Extensions, Sessions, Extension settings, History Delete Directives, Device Info, User Consents, Send Tab To Self, Web Apps, History, Saved Tab Group, WebAuthn Credentials, Collection, Edge E Drop, Edge Hub App Usage, Edge Wallet, Encryption Keys; Allow fail: 
2025-07-01 01:58:14.923: [INFO][Sync] Loading: Passwords
2025-07-01 01:58:14.923: [INFO][Sync] Loading: Autofill Profiles
2025-07-01 01:58:14.923: [INFO][Sync] Loading: Autofill
2025-07-01 01:58:14.923: [INFO][Sync] All data types are ready for configure.
2025-07-01 01:58:14.923: [INFO][SyncManagerImpl::NudgeForInitialDownload] Initial download nudge for Passwords
2025-07-01 01:58:14.924: [INFO][SyncManagerImpl::ConfigureSyncer] Types to download:  with reason: 5
2025-07-01 01:58:14.924: [INFO][SyncEngineBackend::DoFinishConfigureDataTypes] Failed to download types:  and succeeded types: 
2025-07-01 01:58:14.924: [INFO][Sync] ConfigurationDone, failed: , succeeded: , remaining count: 4
2025-07-01 01:58:14.924: [INFO][Sync] Prepare to configure types: Passwords, Encryption Keys
2025-07-01 01:58:14.924: [INFO][SyncManagerImpl::ConfigureSyncer] Types to download: Passwords, Encryption Keys with reason: 5
2025-07-01 01:58:14.924: [INFO][SyncSchedulerImpl::DoConfigurationSyncCycleJob] Blocked types:  and types to download: Passwords, Encryption Keys
2025-07-01 01:58:15.382: [INFO][SyncEngineBackend::DoFinishConfigureDataTypes] Failed to download types:  and succeeded types: Passwords, Encryption Keys
2025-07-01 01:58:15.390: [INFO][Sync] ConfigurationDone, failed: , succeeded: Passwords, Encryption Keys, remaining count: 3
2025-07-01 01:58:15.390: [INFO][SyncManagerImpl::ConfigureSyncer] Types to download:  with reason: 5
2025-07-01 01:58:15.390: [INFO][SyncEngineBackend::DoFinishConfigureDataTypes] Failed to download types:  and succeeded types: 
2025-07-01 01:58:15.391: [INFO][Sync] ConfigurationDone, failed: , succeeded: , remaining count: 2
2025-07-01 01:58:15.391: [INFO][SyncManagerImpl::ConfigureSyncer] Types to download:  with reason: 5
2025-07-01 01:58:15.391: [INFO][SyncEngineBackend::DoFinishConfigureDataTypes] Failed to download types:  and succeeded types: 
2025-07-01 01:58:15.391: [INFO][Sync] ConfigurationDone, failed: , succeeded: , remaining count: 1
2025-07-01 01:58:15.398: [INFO][SyncManagerImpl::ConfigureSyncer] Types to download:  with reason: 5
2025-07-01 01:58:15.398: [INFO][SyncEngineBackend::DoFinishConfigureDataTypes] Failed to download types:  and succeeded types: 
2025-07-01 01:58:15.398: [INFO][Sync] ConfigurationDone, failed: , succeeded: , remaining count: 0
2025-07-01 01:58:15.403: [INFO][Sync]     Configuration completed, state: 7
2025-07-01 01:58:15.404: [INFO][Sync] Configured DataTypeManager: Ok
2025-07-01 01:58:15.411: [INFO][SyncEngineBackend::DoStartSyncing] Start syncing
2025-07-01 01:59:12.792: [INFO][Sync] Reset engine, reason: 0
2025-07-01 01:59:12.792: [INFO][Sync] Reset engine with reason: 0
